key: */ value: 2
key: /* value: 2
key: 3.1: value: 1
key: As value: 1
key: Before value: 1
key: Define value: 1
key: Display value: 1
key: Exercise value: 1
key: Store value: 1
key: The value: 1
key: Write value: 1
key: a, value: 1
key: allow value: 1
key: an, value: 1
key: and, value: 1
key: appears value: 1
key: as value: 1
key: associated value: 1
key: before value: 1
key: but. value: 1
key: complete. value: 1
key: containing value: 1
key: count value: 2
key: displaying value: 1
key: e.3.1.cpp value: 1
key: each value: 1
key: entering value: 1
key: exclusion value: 2
key: extension, value: 1
key: file. value: 1
key: for value: 1
key: in value: 4
key: is value: 3
key: it value: 1
key: key value: 1
key: list value: 1
key: make value: 1
key: map value: 1
key: map, value: 1
key: map. value: 1
key: not value: 1
key: number value: 1
key: of value: 6
key: or, value: 1
key: presence value: 1
key: present value: 1
key: program value: 1
key: query value: 1
key: read value: 1
key: reading value: 1
key: set value: 1
key: set. value: 1
key: such value: 1
key: sure value: 1
key: text value: 3
key: text, value: 1
key: text. value: 1
key: the, value: 1
key: their value: 1
key: times value: 1
key: to value: 2
key: user value: 1
key: value value: 1
key: when value: 1
key: word value: 5
key: word. value: 1
key: words value: 2
